// Vitest Snapshot v1

exports[`\`inline: false\` Critical CSS generation 1`] = `".heading{color:red}"`;
